   Compiling proc-macro2 v1.0.107
   Compiling unicode-ident v1.0.24
   Compiling quote v1.0.47
   Compiling thiserror v2.0.20
   Compiling defmt v1.1.1
   Compiling serde_core v1.0.229
   Compiling defmt-macros v1.1.1
   Compiling bitflags v1.3.2
   Compiling libc v0.2.189
   Compiling cfg-if v1.0.4
   Compiling memchr v2.8.3
   Compiling byteorder v1.5.0
   Compiling typenum v1.20.1
   Compiling stable_deref_trait v1.2.1
   Compiling version_check v0.9.5
   Compiling serde v1.0.229
   Compiling critical-section v1.2.0
   Compiling crunchy v0.2.4
   Compiling hash32 v0.3.1
   Compiling generic-array v0.14.7
   Compiling tiny-keccak v2.0.2
   Compiling cortex-m v0.7.9
   Compiling once_cell v1.21.4
   Compiling nb v1.1.0
   Compiling futures-core v0.3.34
   Compiling nb v0.1.3
   Compiling ucd-trie v0.1.7
   Compiling typeid v1.0.3
   Compiling heapless v0.9.3
   Compiling void v1.0.2
   Compiling unicode-segmentation v1.13.3
   Compiling embedded-hal v0.2.7
   Compiling futures-sink v0.3.34
   Compiling pest v2.9.0
   Compiling rand_core v0.6.4
   Compiling semver-parser v0.7.0
   Compiling find-msvc-tools v0.1.11
   Compiling siphasher v1.0.3
   Compiling semver v0.9.0
   Compiling winnow v1.0.4
   Compiling zmij v1.0.23
   Compiling glob v0.3.4
   Compiling syn v2.0.119
   Compiling syn v3.0.4
   Compiling shlex v2.0.1
   Compiling subtle v2.6.1
   Compiling log v0.4.34
   Compiling erased-serde v0.4.10
   Compiling foldhash v0.2.0
   Compiling cc v1.4.4
   Compiling getrandom v0.2.17
   Compiling hashbrown v0.16.1
   Compiling clang-sys v1.9.1
   Compiling rand v0.8.8
   Compiling const-random-macro v0.1.16
   Compiling rustc_version v0.2.3
   Compiling phf_shared v0.11.3
   Compiling strsim v0.11.1
   Compiling pest_meta v2.9.0
   Compiling portable-atomic v1.15.0
   Compiling prettyplease v0.2.37
   Compiling const-random v0.1.18
   Compiling dlv-list v0.5.2
   Compiling embassy-sync v0.8.0
   Compiling toml_writer v1.1.2+spec-1.1.0
   Compiling toml_parser v1.1.3+spec-1.1.0
   Compiling hashbrown v0.14.5
   Compiling serde_json v1.0.151
   Compiling litrs v1.0.0
   Compiling ident_case v1.0.1
   Compiling bitflags v2.13.1
   Compiling serde_spanned v1.1.1
   Compiling toml_datetime v1.1.1+spec-1.1.0
   Compiling hashlink v0.11.1
   Compiling phf_generator v0.11.3
   Compiling bare-metal v0.2.5
   Compiling ordered-multimap v0.7.3
   Compiling toml v1.1.4+spec-1.1.0
   Compiling encoding_rs v0.8.35
   Compiling document-features v0.2.12
   Compiling embedded-hal-async v1.0.0
   Compiling minimal-lexical v0.2.1
   Compiling embassy-time-driver v0.2.2
   Compiling paste v1.0.15
   Compiling cortex-m-macros v0.7.8
   Compiling arraydeque v0.5.1
   Compiling itoa v1.0.18
   Compiling regex-syntax v0.8.11
   Compiling zerocopy v0.8.56
   Compiling nom v7.1.3
   Compiling serde-untagged v0.1.9
   Compiling rust-ini v0.21.3
   Compiling semver v1.0.28
   Compiling convert_case v0.6.0
   Compiling libloading v0.8.9
   Compiling yaml-rust2 v0.11.1
   Compiling autocfg v1.5.1
   Compiling vcell v0.1.3
   Compiling pathdiff v0.2.3
   Compiling bindgen v0.72.1
   Compiling either v1.18.0
   Compiling adler2 v2.0.1
   Compiling regex-automata v0.4.18
   Compiling miniz_oxide v0.9.1
   Compiling itertools v0.13.0
   Compiling pest_generator v2.9.0
   Compiling num-traits v0.2.19
   Compiling volatile-register v0.2.2
   Compiling cexpr v0.6.0
   Compiling embedded-io-async v0.6.1
   Compiling bitfield v0.13.2
   Compiling rustc-hash v2.1.3
   Compiling cortex-m-rt v0.7.6
   Compiling shlex v1.3.0
   Compiling fnv v1.0.7
   Compiling embedded-io v0.6.1
   Compiling darling_core v0.20.11
   Compiling rustc_version v0.4.1
   Compiling embassy-hal-internal v0.4.0
   Compiling embedded-storage v0.3.1
   Compiling const-oid v0.9.6
   Compiling heck v0.5.0
   Compiling regex v1.13.1
   Compiling embedded-storage-async v0.4.1
   Compiling heapless v0.7.17
   Compiling ff v0.13.1
   Compiling embassy-hal-internal v0.5.0
   Compiling embassy-time-queue-utils v0.3.2
   Compiling base16ct v0.2.0
   Compiling pkg-config v0.3.34
   Compiling nrf-pac v0.4.0
   Compiling heapless v0.8.0
   Compiling syn v1.0.109
   Compiling scopeguard v1.2.0
   Compiling embassy-executor-timer-queue v0.1.0
   Compiling fixed v1.31.0
   Compiling lock_api v0.4.14
   Compiling group v0.13.0
   Compiling p256-cortex-m4-sys v0.1.0
   Compiling hash32 v0.2.1
   Compiling crc32fast v1.5.1
   Compiling bitfield v0.14.0
   Compiling uuid v1.26.0
   Compiling az v1.3.0
   Compiling lzma-sys v0.1.20
   Compiling bytemuck v1.25.2
   Compiling usbd-hid-descriptors v0.10.0
   Compiling futures-intrusive v0.5.0
   Compiling zeroize_derive v1.5.0
   Compiling postcard-derive v0.2.2
   Compiling pest_derive v2.9.0
   Compiling thiserror-impl v2.0.20
   Compiling serde_derive v1.0.229
   Compiling async-trait v0.1.92
   Compiling phf_macros v0.11.3
   Compiling zerocopy-derive v0.8.56
   Compiling serde-inline-default v1.0.2
   Compiling zeroize v1.9.0
   Compiling der v0.7.10
   Compiling strum_macros v0.28.0
   Compiling crypto-common v0.1.7
   Compiling phf v0.11.3
   Compiling block-buffer v0.10.4
   Compiling digest v0.10.7
   Compiling doxygen-rs v0.4.2
   Compiling hmac v0.12.1
   Compiling cortex-m-rt-macros v0.7.6
   Compiling hkdf v0.12.4
   Compiling darling_macro v0.20.11
   Compiling inout v0.1.4
   Compiling crypto-bigint v0.5.5
   Compiling defmt-parser v1.0.0
   Compiling cobs v0.3.0
   Compiling sec1 v0.7.3
   Compiling darling v0.20.11
   Compiling cipher v0.4.4
   Compiling futures-macro v0.3.34
   Compiling bitfield-struct v0.13.0
   Compiling darling_core v0.24.1
   Compiling pin-project-lite v0.2.17
   Compiling p256-cortex-m4 v0.1.0-alpha.6
   Compiling cty v0.2.2
   Compiling winnow v0.7.15
   Compiling rand_core v0.10.1
   Compiling elliptic-curve v0.13.8
   Compiling futures-task v0.3.34
   Compiling rand_core v0.9.5
   Compiling futures-util v0.3.34
   Compiling primeorder v0.13.6
   Compiling dbl v0.3.2
   Compiling strum v0.28.0
   Compiling convert_case v0.8.0
   Compiling futures-channel v0.3.34
   Compiling trouble-host v0.8.0
   Compiling const-gen-derive v1.1.7
   Compiling embassy-usb v0.6.0
   Compiling futures-io v0.3.34
   Compiling embassy-net-driver v0.2.0
   Compiling encode_unicode v0.3.6
   Compiling trouble-host-macros v0.6.0
   Compiling json5 v0.4.1
   Compiling ron v0.12.2
   Compiling postcard v1.1.3
   Compiling usbd-hid-macros v0.10.1
   Compiling ssmarshal v1.0.0
   Compiling const-gen v1.6.9
   Compiling cargo_toml v1.0.0
   Compiling rmk v0.9.0 (/home/rmk/keyboard/rmknumouse/rmk/rmk)
   Compiling defmt v0.3.100
   Compiling embedded-hal v1.0.0
   Compiling embedded-io v0.7.1
   Compiling embedded-io-async v0.7.0
   Compiling embassy-futures v0.1.2
   Compiling embassy-usb-driver v0.2.2
   Compiling embassy-time v0.5.1
   Compiling bt-hci-transport v0.1.0
   Compiling btuuid v0.1.1
   Compiling usb-device v0.3.2
   Compiling config v0.15.25
   Compiling futures v0.3.34
   Compiling p256 v0.13.2
   Compiling cmac v0.7.2
   Compiling usbd-hid v0.10.1
   Compiling xz2 v0.1.7
   Compiling aes v0.8.4
   Compiling static_cell v2.1.1
   Compiling panic-probe v1.0.0
   Compiling embassy-executor v0.10.0
   Compiling half v2.7.1
   Compiling ppv-lite86 v0.2.21
   Compiling rmk-config v0.8.0 (/home/rmk/keyboard/rmknumouse/rmk/rmk-config)
   Compiling defmt-rtt v1.3.0
   Compiling rand_chacha v0.3.1
   Compiling json v0.12.4
   Compiling embassy-usb-synopsys-otg v0.4.0
   Compiling embassy-embedded-hal v0.6.0
   Compiling bt-hci v0.10.1
   Compiling nrf-mpsl-sys v0.3.0
   Compiling nrf-sdc-sys v0.3.0
   Compiling embassy-net-driver-channel v0.4.0
   Compiling rmknumouse v0.2.0 (/home/rmk/keyboard/rmknumouse)
   Compiling sequential-storage v8.0.1
   Compiling embassy-executor-macros v0.8.0
   Compiling darling_macro v0.24.1
   Compiling cordyceps v0.3.5
   Compiling darling v0.24.1
   Compiling rmk-types v0.4.0 (/home/rmk/keyboard/rmknumouse/rmk/rmk-types)
   Compiling embassy-nrf v0.11.0
   Compiling rmk-macro v0.8.0 (/home/rmk/keyboard/rmknumouse/rmk/rmk-macro)
   Compiling nrf-mpsl v0.4.0
   Compiling nrf-sdc v0.4.0
    Finished `release` profile [optimized + debuginfo] target(s) in 50.21s
